2026-05-09 11:17:22.259 | INFO     | src.database:get_async_session:14 - Get async session: {}
2026-05-09 11:17:22.386 | INFO     | src.storage.client:get_client:14 - Get S3 client session Session(region_name=None)
2026-05-09 11:17:22.734 | SUCCESS  | src.tracks.router:body_iterator:260 - Successful streaming end of track 189
2026-05-09 11:17:22.737 | INFO     | src.tracks.router:body_iterator:264 - End streaming track 189
2026-05-09 11:17:36.682 | INFO     | src.database:get_async_session:14 - Get async session: {}
2026-05-09 11:17:57.371 | INFO     | src.database:get_async_session:14 - Get async session: {}
2026-05-09 11:17:57.392 | WARNING  | src.tracks.router:get_all_tracks:54 - Tracks with selected parameters (limit:100, cursor:None, search:.., artist_id:None, album_id:None, genre:None) not found
2026-05-09 11:18:05.992 | INFO     | src.database:get_async_session:14 - Get async session: {}
2026-05-09 11:18:16.133 | INFO     | src.database:get_async_session:14 - Get async session: {}
2026-05-09 11:18:16.142 | WARNING  | src.albums.router:get_all_albums:42 - Albums with selected parameters (limit:100, cursor:None, search:.., artist_id:None not found
2026-05-09 11:18:22.952 | INFO     | src.database:get_async_session:14 - Get async session: {}
2026-05-09 11:18:31.455 | INFO     | src.database:get_async_session:14 - Get async session: {}
2026-05-09 11:18:31.464 | WARNING  | src.artists.router:get_all_artists:38 - Artists with selected parameters (limit:100, cursor:None, search:.. not found
2026-05-09 11:18:42.733 | INFO     | src.database:get_async_session:14 - Get async session: {}
2026-05-09 11:18:42.737 | INFO     | src.storage.client:get_client:14 - Get S3 client session Session(region_name=None)
2026-05-09 11:18:43.027 | SUCCESS  | src.tracks.router:body_iterator:260 - Successful streaming end of track 189
2026-05-09 11:18:43.030 | INFO     | src.tracks.router:body_iterator:264 - End streaming track 189
2026-05-09 11:19:02.833 | INFO     | src.database:get_async_session:14 - Get async session: {}
2026-05-09 11:19:02.837 | INFO     | src.storage.client:get_client:14 - Get S3 client session Session(region_name=None)
2026-05-09 11:19:02.918 | SUCCESS  | src.tracks.router:body_iterator:260 - Successful streaming end of track 194
2026-05-09 11:19:02.921 | INFO     | src.tracks.router:body_iterator:264 - End streaming track 194
2026-05-09 11:21:07.290 | INFO     | src.database:get_async_session:14 - Get async session: {}
2026-05-09 11:21:07.293 | INFO     | src.storage.client:get_client:14 - Get S3 client session Session(region_name=None)
2026-05-09 11:21:07.397 | SUCCESS  | src.tracks.router:body_iterator:260 - Successful streaming end of track 193
2026-05-09 11:21:07.401 | INFO     | src.tracks.router:body_iterator:264 - End streaming track 193
